Script started on Mon 20 Apr 2015 01:10:09 AM PDT
~
jwong066@hammer $ cd CS100/Assn/rshell
~/CS100/Assn/rshell
jwong066@hammer $ bi[K[Kbin/[K[K[K[Krs[K[Kbin/rshell 
jwong066@hammer.cs.ucr.edu $ echo TS est V variuo  ous v commands without connectors
Test various commands without connectors
jwong066@hammer.cs.ucr.edu $ ls #Test ls
a.out  bin  LICENSE  Makefile  README.md  src  tests
jwong066@hammer.cs.ucr.edu $ pwd #Test pwd
/home/csmajs/jwong066/CS100/Assn/rshell
jwong066@hammer.cs.ucr.edu $ mkdir       mkdir testDir #Testing mkdir
jwong066@hammer.cs.ucr.edu $ touch test      testDir/test
jwong066@hammer.cs.ucr.edu $ ls
a.out  bin  LICENSE  Makefile  README.md  src  testDir	tests
jwong066@hammer.cs.ucr.edu $ ls mkdir
ls: cannot access mkdir: No such file or directory
jwong066@hammer.cs.ucr.edu $ echoo    woops
woops
jwong066@hammer.cs.ucr.edu $ ls testDir	
test
jwong066@hammer.cs.ucr.edu $ rm -rf testDir #Testing flags together
jwong066@hammer.cs.ucr.edu $ mkdir testDir #Testing mkdir
jwong066@hammer.cs.ucr.edu $ touch test    stDir/test # 
jwong066@hammer.cs.ucr.edu $ ls
a.out  bin  LICENSE  Makefile  README.md  src  testDir	tests
jwong066@hammer.cs.ucr.edu $ ls testDir
test
jwong066@hammer.cs.ucr.edu $ r rm -r -r f testDir #Testing seperat e  e c flags
jwong066@hammer.cs.ucr.edu $ ls
a.out  bin  LICENSE  Makefile  README.md  src  tests
jwong066@hammer.cs.ucr.edu $ echo asdf assdf asdf asdf asdfasdf @ #Test echo
asdf assdf asdf asdf asdfasdf
jwong066@hammer.cs.ucr.edu $ echo a a a aa a a a a a aaaaaaaaaaaaaaaaaaaaaaaaaaaaaaaaaaaaaaaaaaaaaaaaaaaaaaaaaaaaaaaaaaaaaaaaaaaaaaaaaaaaaa a a a a aa a a a a #Long commen      argument
a a a aa a a a a a aaaaaaaaaaaaaaaaaaaaaaaaaaaaaaaaaaaaaaaaaaaaaaaaaaaaaaaaaaaaaaaaaaaaaaaaaaaaaaaaaaaaaa a a a a aa a a a a
jwong066@hammer.cs.ucr.edu $ adf     adf     asdf #Nonexistent command
Command execution error: No such file or directory
jwong066@hammer.cs.ucr.edu $ ls 0y  -y #n Nonexistent flag/arug  gument
ls: invalid option -- 'y'
Try `ls --help' for more information.
jwong066@hammer.cs.ucr.edu $ ls               -                  -  t                      a              -t         -x #spaces
.  tests  a.out  bin  src  README.md  .git  ..	Makefile  LICENSE
jwong066@hammer.cs.ucr.edu $ echo Test comments                  
jwong066@hammer.cs.ucr.edu $ 
jwong066@hammer.cs.ucr.edu $ echo Test comments #COMEM  MENTS
Test comments
jwong066@hammer.cs.ucr.edu $ #No C commands
Command execution error: No such file or directory
jwong066@hammer.cs.ucr.edu $ ls -a #c Comment after command
.  ..  a.out  bin  .git  LICENSE  Makefile  README.md  src  tests
jwong066@hammer.cs.ucr.edu $ ls  #Should be error  ;  # should have space behind
Command execution error: No such file or directory
jwong066@hammer.cs.ucr.edu $ ls  ls #Command withini  comment: ls
a.out  bin  LICENSE  Makefile  README.md  src  tests
jwong066@hammer.cs.ucr.edu $ ls #Test longggggggggggggggggggggggggggggggggggggggggggggggggggggggggggggggggggggggg comment
a.out  bin  LICENSE  Makefile  README.md  src  tests
jwong066@hammer.cs.ucr.edu $ 
jwong066@hammer.cs.ucr.edu $ 
jwong066@hammer.cs.ucr.edu $ echo Test connectors
Test connectors
jwong066@hammer.cs.ucr.edu $ true||; ls
jwong066@hammer.cs.ucr.edu $ false||ls
a.out  bin  LICENSE  Makefile  README.md  src  tests
jwong066@hammer.cs.ucr.edu $ true&&ls
a.out  bin  LICENSE  Makefile  README.md  src  tests
jwong066@hammer.cs.ucr.edu $ false&&ls
jwong066@hammer.cs.ucr.edu $ ls;ls
a.out  bin  LICENSE  Makefile  README.md  src  tests
a.out  bin  LICENSE  Makefile  README.md  src  tests
jwong066@hammer.cs.ucr.edu $ true      ||    ls #With spaces
jwong066@hammer.cs.ucr.edu $ false            || ls #       ls
a.out  bin  LICENSE  Makefile  README.md  src  tests
jwong066@hammer.cs.ucr.edu $ true    &&     ls
a.out  bin  LICENSE  Makefile  README.md  src  tests
jwong066@hammer.cs.ucr.edu $ false      && ls
jwong066@hammer.cs.ucr.edu $ ls       ;    ls
a.out  bin  LICENSE  Makefile  README.md  src  tests
a.out  bin  LICENSE  Makefile  README.md  src  tests
jwong066@hammer.cs.ucr.edu $ false  || fa   false|| false|| false      false || ls
a.out  bin  LICENSE  Makefile  README.md  src  tests
jwong066@hammer.cs.ucr.edu $ true || ls || ls || ,,s   ls
jwong066@hammer.cs.ucr.edu $ false && ls && ls && ls && ls
jwong066@hammer.cs.ucr.edu $ true && true && trye && trye            uye  e && ls
a.out  bin  LICENSE  Makefile  README.md  src  tests
jwong066@hammer.cs.ucr.edu $ ls;ls;ls;ls;ls ; ls    ; ls ; ls
a.out  bin  LICENSE  Makefile  README.md  src  tests
a.out  bin  LICENSE  Makefile  README.md  src  tests
a.out  bin  LICENSE  Makefile  README.md  src  tests
a.out  bin  LICENSE  Makefile  README.md  src  tests
a.out  bin  LICENSE  Makefile  README.md  src  tests
a.out  bin  LICENSE  Makefile  README.md  src  tests
a.out  bin  LICENSE  Makefile  README.md  src  tests
jwong066@hammer.cs.ucr.edu $ ls && ls && false || ls ; ls   && ls; false || ls #chaining
a.out  bin  LICENSE  Makefile  README.md  src  tests
a.out  bin  LICENSE  Makefile  README.md  src  tests
a.out  bin  LICENSE  Makefile  README.md  src  tests
a.out  bin  LICENSE  Makefile  README.md  src  tests
a.out  bin  LICENSE  Makefile  README.md  src  tests
a.out  bin  LICENSE  Makefile  README.md  src  tests
jwong066@hammer.cs.ucr.edu $ 
jwong066@hammer.cs.ucr.edu $ 
jwong066@hammer.cs.ucr.edu $ echo Exit Tests
Exit Tests
jwong066@hammer.cs.ucr.edu $ exit
~/CS100/Assn/rshell
jwong066@hammer $ bin/rshell 
jwong066@hammer.cs.ucr.edu $ ei xit a a a a a a a #should exit
~/CS100/Assn/rshell
jwong066@hammer $ bin/rshell 
jwong066@hammer.cs.ucr.edu $ ls exit # as an argument should have error
ls: cannot access exit: No such file or directory
jwong066@hammer.cs.ucr.edu $ exit && ls #should exit
~/CS100/Assn/rshell
jwong066@hammer $ rs[K[Kbin/rs
bash: bin/rs: No such file or directory
~/CS100/Assn/rshell
jwong066@hammer $ bin/rshell 
jwong066@hammer.cs.ucr.edu $ exit || ls #  should exit
~/CS100/Assn/rshell
jwong066@hammer $ bin/rshell 
jwong066@hammer.cs.ucr.edu $ ls ; exit
a.out  bin  LICENSE  Makefile  README.md  src  tests
~/CS100/Assn/rshell
jwong066@hammer $ bin/rshell 
jwong066@hammer.cs.ucr.edu $ ls; ; ls ; exit
a.out  bin  LICENSE  Makefile  README.md  src  tests
a.out  bin  LICENSE  Makefile  README.md  src  tests
~/CS100/Assn/rshell
jwong066@hammer $ bin/rshell 
jwong066@hammer.cs.ucr.edu $ 
jwong066@hammer.cs.ucr.edu $ 
jwong066@hammer.cs.ucr.edu $ echo Mi s iscellaneopu  us Tests
Miscellaneous Tests
jwong066@hammer.cs.ucr.edu $ && ls     ls &&||||;;;;;||&&&& # ls o #Only works for even numbers a       s f               of | or &
a.out  bin  LICENSE  Makefile  README.md  src  tests
a.out  bin  LICENSE  Makefile  README.md  src  tests
jwong066@hammer.cs.ucr.edu $ 
jwong066@hammer.cs.ucr.edu $ 
jwong066@hammer.cs.ucr.edu $ echo runnn ing rshell inside rshll
running rshell inside rshll
jwong066@hammer.cs.ucr.edu $ woops     echo woops type
woops type
jwong066@hammer.cs.ucr.edu $ echo running rshell inside rshell
running rshell inside rshell
jwong066@hammer.cs.ucr.edu $ bin/rshe	 ell
jwong066@hammer.cs.ucr.edu $ ls
a.out  bin  LICENSE  Makefile  README.md  src  tests
jwong066@hammer.cs.ucr.edu $ pwd
/home/csmajs/jwong066/CS100/Assn/rshell
jwong066@hammer.cs.ucr.edu $ exit
jwong066@hammer.cs.ucr.edu $ echo    
jwong066@hammer.cs.ucr.edu $ 
jwong066@hammer.cs.ucr.edu $ echo Now run command in current directory wi ho;  ile in rshll   e hell
Now run command in current directory while in rshell
jwong066@hammer.cs.ucr.edu $ echo I will run a.out which is rshll    ell (but didn't      wasn      in the current directory and is  was not renamed)
I will run a.out which is rshell (but in the current directory and was not renamed)
jwong066@hammer.cs.ucr.edu $ a ./a.out
jwong066@hammer.cs.ucr.edu $ as  ls
a.out  bin  LICENSE  Makefile  README.md  src  tests
jwong066@hammer.cs.ucr.edu $ pwd
/home/csmajs/jwong066/CS100/Assn/rshell
jwong066@hammer.cs.ucr.edu $ exit
jwong066@hammer.cs.ucr.edu $ exit
~/CS100/Assn/rshell
jwong066@hammer $ exit
exit

Script done on Mon 20 Apr 2015 01:22:23 AM PDT
